[AUDIT] 2026-04-09 23:25:20,687 - COMPROBANTE GENERADO | Folio: 2a6a34dd-dd98-48eb-9c8a-9e29a7181500 | Solicitado por: 25601351 (JOHN ALEXANDER DI DONNA RAMÍREZ)
[AUDIT] 2026-04-09 23:27:01,205 - COMPROBANTE GENERADO | Folio: 2a6a34dd-dd98-48eb-9c8a-9e29a7181500 | Solicitado por: 25601351 (JOHN ALEXANDER DI DONNA RAMÍREZ)
[AUDIT] 2026-04-09 23:27:09,110 - COMPROBANTE GENERADO | Folio: db0285ae-4cb2-4ac7-b8a1-80803e7a3313 | Solicitado por: 25601351 (JOHN ALEXANDER DI DONNA RAMÍREZ)
[AUDIT] 2026-04-09 23:27:44,869 - COMPROBANTE GENERADO | Folio: c0c54626-6011-4844-ba3e-349ed95f86f6 | Solicitado por: 25601351 (JOHN ALEXANDER DI DONNA RAMÍREZ)
[AUDIT] 2026-04-09 23:31:38,724 - COMPROBANTE GENERADO | Folio: 2a6a34dd-dd98-48eb-9c8a-9e29a7181500 | Solicitado por: 25601351 (JOHN ALEXANDER DI DONNA RAMÍREZ)
[AUDIT] 2026-04-09 23:33:24,294 - COMPROBANTE GENERADO | Folio: 2a6a34dd-dd98-48eb-9c8a-9e29a7181500 | Solicitado por: 25601351 (JOHN ALEXANDER DI DONNA RAMÍREZ)
[AUDIT] 2026-04-09 23:40:32,825 - COMPROBANTE GENERADO | Folio: 16723c88-d48c-407d-82e5-4fdceea2342f | Solicitado por: 25601351 (JOHN ALEXANDER DI DONNA RAMÍREZ)
[AUDIT] 2026-04-10 00:05:53,990 - COMPROBANTE GENERADO | Folio: 2a6a34dd-dd98-48eb-9c8a-9e29a7181500 | Solicitado por: 25601351 (JOHN ALEXANDER DI DONNA RAMÍREZ)
[AUDIT] 2026-04-10 00:13:34,099 - COMPROBANTE GENERADO | Folio: 2a6a34dd-dd98-48eb-9c8a-9e29a7181500 | Solicitado por: 25601351 (JOHN ALEXANDER DI DONNA RAMÍREZ)
[AUDIT] 2026-04-10 00:14:11,065 - COMPROBANTE GENERADO | Folio: 16723c88-d48c-407d-82e5-4fdceea2342f | Solicitado por: 25601351 (JOHN ALEXANDER DI DONNA RAMÍREZ)
[AUDIT] 2026-04-10 00:14:49,246 - COMPROBANTE GENERADO | Folio: 16723c88-d48c-407d-82e5-4fdceea2342f | Solicitado por: 25601351 (JOHN ALEXANDER DI DONNA RAMÍREZ)
[AUDIT] 2026-04-13 19:21:09,885 - COMPROBANTE GENERADO | Folio: 3fec97b0-800c-4e89-943b-2b1406808595 | Solicitado por: 25601351 (JOHN ALEXANDER DI DONNA RAMÍREZ)
[AUDIT] 2026-04-14 20:55:30,580 - COMPROBANTE GENERADO | Folio: 6366491f-7ba6-43c8-b558-72e29e19032e | Solicitado por: 25601351 (JOHN ALEXANDER DI DONNA RAMÍREZ)
[AUDIT] 2026-04-16 11:23:45,198 - COMPROBANTE GENERADO | Folio: 6366491f-7ba6-43c8-b558-72e29e19032e | Solicitado por: 25601351 (JOHN ALEXANDER DI DONNA RAMÍREZ)
[AUDIT] 2026-04-16 11:55:46,375 - COMPROBANTE GENERADO | Folio: 6366491f-7ba6-43c8-b558-72e29e19032e | Solicitado por: 25601351 (JOHN ALEXANDER DI DONNA RAMÍREZ)
[AUDIT] 2026-04-16 13:26:40,311 - COMPROBANTE GENERADO | Folio: 3a2c78e5-a7ac-49b4-b8e0-2737d5e7cbe9 | Solicitado por: 25601351 (JOHN ALEXANDER DI DONNA RAMÍREZ)
[AUDIT] 2026-04-16 13:28:04,901 - COMPROBANTE GENERADO | Folio: 2a6a34dd-dd98-48eb-9c8a-9e29a7181500 | Solicitado por: 25601351 (JOHN ALEXANDER DI DONNA RAMÍREZ)
[AUDIT] 2026-04-16 18:19:48,969 - COMPROBANTE GENERADO | Folio: 6366491f-7ba6-43c8-b558-72e29e19032e | Solicitado por: admin (ADMIN ADMIN)
[AUDIT] 2026-04-16 21:23:28,291 - COMPROBANTE GENERADO | Folio: b45c35a8-d7cf-408b-875f-d033f1fa23bf | Solicitado por: 25601351 (JOHN ALEXANDER DI DONNA RAMÍREZ)
[AUDIT] 2026-04-16 21:24:02,526 - COMPROBANTE GENERADO | Folio: b45c35a8-d7cf-408b-875f-d033f1fa23bf | Solicitado por: 25601351 (JOHN ALEXANDER DI DONNA RAMÍREZ)
[AUDIT] 2026-04-16 21:26:28,490 - COMPROBANTE GENERADO | Folio: b45c35a8-d7cf-408b-875f-d033f1fa23bf | Solicitado por: 25601351 (JOHN ALEXANDER DI DONNA RAMÍREZ)
[AUDIT] 2026-04-20 22:04:37,951 - COMPROBANTE GENERADO | Folio: c17e2827-3eba-495f-b5e2-bd85115460a7 | Solicitado por: 12345678 (USUARIO ADMINISTRADOR)
[AUDIT] 2026-04-22 23:50:32,014 - COMPROBANTE GENERADO | Folio: c2e446b3-a6ca-448f-8e28-6263f5671423 | Solicitado por: 25601351 (JOHN ALEXANDER DI DONNA RAMÍREZ)
[AUDIT] 2026-04-23 19:54:48,336 - COMPROBANTE GENERADO | Folio: 974fe1f2-c2da-41c3-9324-2a51628582a7 | Solicitado por: 25601351 (JOHN ALEXANDER DI DONNA RAMÍREZ)
[AUDIT] 2026-04-23 22:07:39,355 - COMPROBANTE GENERADO | Folio: 6b85efc5-31fd-479a-8a14-1dfc0eb97c85 | Solicitado por: 12345678 (USUARIO ADMINISTRADOR)
[AUDIT] 2026-04-23 23:35:03,051 - COMPROBANTE GENERADO | Folio: 6b85efc5-31fd-479a-8a14-1dfc0eb97c85 | Solicitado por: 30887023 (MIGUEL JOSUE BLANCO LOPEZ)
[AUDIT] 2026-04-23 23:42:14,840 - COMPROBANTE GENERADO | Folio: 71e1a546-09d6-4908-95d2-05d8b202222f | Solicitado por: 30887023 (MIGUEL JOSUE BLANCO LOPEZ)
[AUDIT] 2026-04-23 23:50:16,064 - COMPROBANTE GENERADO | Folio: 71e1a546-09d6-4908-95d2-05d8b202222f | Solicitado por: 30887023 (MIGUEL JOSUE BLANCO LOPEZ)
[AUDIT] 2026-04-23 23:55:34,946 - COMPROBANTE GENERADO | Folio: 8717bb64-3294-4d28-bd6f-2f02de539eb0 | Solicitado por: 30887023 (MIGUEL JOSUE BLANCO LOPEZ)
[AUDIT] 2026-06-10 00:34:23,895 - ERROR GENERANDO COMPROBANTE | Folio: b03bc43a-5d7b-41b7-a4f5-3254e45b4340 | Error: Invalid color value '<css function: var(--phoenix-primary, #3874ff)>'
[AUDIT] 2026-06-10 00:34:28,467 - ERROR GENERANDO COMPROBANTE | Folio: 92ed3d4d-3d2f-442a-a6cb-a4407dd0e322 | Error: Invalid color value '<css function: var(--phoenix-primary, #3874ff)>'
[AUDIT] 2026-08-11 12:00:59,275 - ERROR GENERANDO COMPROBANTE | Folio: 9c9e05da-9cf9-41c0-976d-e9149d368eac | Error: name 'filename' is not defined
[AUDIT] 2026-08-11 12:01:02,940 - ERROR GENERANDO COMPROBANTE | Folio: 9c9e05da-9cf9-41c0-976d-e9149d368eac | Error: name 'filename' is not defined
